
Lenovo@DESKTOP-5RETIRQ MINGW64 ~/Desktop/learn git again (master)
$ git touch third.txt
git: 'touch' is not a git command. See 'git --help'.

Lenovo@DESKTOP-5RETIRQ MINGW64 ~/Desktop/learn git again (master)
$ git-touch third.txt
bash: git-touch: command not found

Lenovo@DESKTOP-5RETIRQ MINGW64 ~/Desktop/learn git again (master)
$ git touch third.txt
git: 'touch' is not a git command. See 'git --help'.

Lenovo@DESKTOP-5RETIRQ MINGW64 ~/Desktop/learn git again (master)
$ touch third.txt

Lenovo@DESKTOP-5RETIRQ MINGW64 ~/Desktop/learn git again (master)
$ git init
Initialized empty Git repository in C:/Users/Lenovo/Desktop/learn git again/.git/

Lenovo@DESKTOP-5RETIRQ MINGW64 ~/Desktop/learn git again (master)
$ git add third.txt

Lenovo@DESKTOP-5RETIRQ MINGW64 ~/Desktop/learn git again (master)
$ git commit -m "adding third.txt"
[master (root-commit) cd481c6] adding third.txt
 1 file changed, 0 insertions(+), 0 deletions(-)
 create mode 100644 third.txt

Lenovo@DESKTOP-5RETIRQ MINGW64 ~/Desktop/learn git again (master)
$ git log
commit cd481c6b18ab7e7788f12101269474f23a0dbb9d (HEAD -> master)
Author: houssem <houssemkh007@gmail.com>
Date:   Tue Dec 22 09:38:36 2020 +0100

    adding third.txt

Lenovo@DESKTOP-5RETIRQ MINGW64 ~/Desktop/learn git again (master)
$ touch fourth.txt

Lenovo@DESKTOP-5RETIRQ MINGW64 ~/Desktop/learn git again (master)
$ git add fourth.txt

Lenovo@DESKTOP-5RETIRQ MINGW64 ~/Desktop/learn git again (master)
$ git commit -m "adding fourth.txt"
[master 8cd3acf] adding fourth.txt
 1 file changed, 0 insertions(+), 0 deletions(-)
 create mode 100644 fourth.txt

Lenovo@DESKTOP-5RETIRQ MINGW64 ~/Desktop/learn git again (master)
$ git -rm third.txt
unknown option: -rm
usage: git [--version] [--help] [-C <path>] [-c <name>=<value>]
           [--exec-path[=<path>]] [--html-path] [--man-path] [--info-path]
           [-p | --paginate | -P | --no-pager] [--no-replace-objects] [--bare]
           [--git-dir=<path>] [--work-tree=<path>] [--namespace=<name>]
           <command> [<args>]

Lenovo@DESKTOP-5RETIRQ MINGW64 ~/Desktop/learn git again (master)
$ git rm third.txt
rm 'third.txt'

Lenovo@DESKTOP-5RETIRQ MINGW64 ~/Desktop/learn git again (master)
$ git commit -m
error: switch `m' requires a value

Lenovo@DESKTOP-5RETIRQ MINGW64 ~/Desktop/learn git again (master)
$ git commit -m "update"
[master bf695cd] update
 1 file changed, 0 insertions(+), 0 deletions(-)
 delete mode 100644 third.txt

Lenovo@DESKTOP-5RETIRQ MINGW64 ~/Desktop/learn git again (master)
$ git commit -m "removing third.txt"
On branch master
nothing to commit, working tree clean

Lenovo@DESKTOP-5RETIRQ MINGW64 ~/Desktop/learn git again (master)
$ git log
commit bf695cd64829fda5ecdb642f4d07dd07b47a754b (HEAD -> master)
Author: houssem <houssemkh007@gmail.com>
Date:   Tue Dec 22 09:43:48 2020 +0100

    update

commit 8cd3acfeb17fd9bd4d66825d59ff7a26440982ad
Author: houssem <houssemkh007@gmail.com>
Date:   Tue Dec 22 09:39:57 2020 +0100

    adding fourth.txt

commit cd481c6b18ab7e7788f12101269474f23a0dbb9d
Author: houssem <houssemkh007@gmail.com>
Date:   Tue Dec 22 09:38:36 2020 +0100

    adding third.txt

Lenovo@DESKTOP-5RETIRQ MINGW64 ~/Desktop/learn git again (master)
$  git config --global core.pager cat

Lenovo@DESKTOP-5RETIRQ MINGW64 ~/Desktop/learn git again (master)
$ git config --list
diff.astextplain.textconv=astextplain
filter.lfs.clean=git-lfs clean -- %f
filter.lfs.smudge=git-lfs smudge -- %f
filter.lfs.process=git-lfs filter-process
filter.lfs.required=true
http.sslbackend=openssl
http.sslcainfo=C:/Program Files/Git/mingw64/ssl/certs/ca-bundle.crt
core.autocrlf=true
core.fscache=true
core.symlinks=false
pull.rebase=false
credential.helper=manager-core
credential.https://dev.azure.com.usehttppath=true
filter.lfs.smudge=git-lfs smudge -- %f
filter.lfs.process=git-lfs filter-process
filter.lfs.required=true
filter.lfs.clean=git-lfs clean -- %f
user.name=houssem
user.email=houssemkh007@gmail.com
core.pager=cat
core.repositoryformatversion=0
core.filemode=false
core.bare=false
core.logallrefupdates=true
core.symlinks=false
core.ignorecase=true

Lenovo@DESKTOP-5RETIRQ MINGW64 ~/Desktop/learn git again (master)
$ config --global
bash: config: command not found

Lenovo@DESKTOP-5RETIRQ MINGW64 ~/Desktop/learn git again (master)
$ git config --global
usage: git config [<options>]

Config file location
    --global              use global config file
    --system              use system config file
    --local               use repository config file
    --worktree            use per-worktree config file
    -f, --file <file>     use given config file
    --blob <blob-id>      read config from given blob object

Action
    --get                 get value: name [value-regex]
    --get-all             get all values: key [value-regex]
    --get-regexp          get values for regexp: name-regex [value-regex]
    --get-urlmatch        get value specific for the URL: section[.var] URL
    --replace-all         replace all matching variables: name value [value_regex]
    --add                 add a new variable: name value
    --unset               remove a variable: name [value-regex]
    --unset-all           remove all matches: name [value-regex]
    --rename-section      rename section: old-name new-name
    --remove-section      remove a section: name
    -l, --list            list all
    -e, --edit            open an editor
    --get-color           find the color configured: slot [default]
    --get-colorbool       find the color setting: slot [stdout-is-tty]

Type
    -t, --type <>         value is given this type
    --bool                value is "true" or "false"
    --int                 value is decimal number
    --bool-or-int         value is --bool or --int
    --bool-or-str         value is --bool or string
    --path                value is a path (file or directory name)
    --expiry-date         value is an expiry date

Other
    -z, --null            terminate values with NUL byte
    --name-only           show variable names only
    --includes            respect include directives on lookup
    --show-origin         show origin of config (file, standard input, blob, command line)
    --show-scope          show scope of config (worktree, local, global, system, command)
    --default <value>     with --get, use default value when missing entry


Lenovo@DESKTOP-5RETIRQ MINGW64 ~/Desktop/learn git again (master)
$ git config --global user.name
houssem

Lenovo@DESKTOP-5RETIRQ MINGW64 ~/Desktop/learn git again (master)
$ git config --global user.email
houssemkh007@gmail.com

Lenovo@DESKTOP-5RETIRQ MINGW64 ~/Desktop/learn git again (master)
$ ^C

Lenovo@DESKTOP-5RETIRQ MINGW64 ~/Desktop/learn git again (master)
